=========================================
   romancalc 0.3: tests/test-suite.log
=========================================

# TOTAL: 1
# PASS:  0
# SKIP:  0
# XFAIL: 0
# FAIL:  1
# XPASS: 0
# ERROR: 0

.. contents:: :depth: 2

FAIL: check_romancalc
=====================

Running suite(s): 
Roman Calc Suite Test the "Test Suite" Python interface
 
Roman Calc Suite Test roman Numeral Validation
 
Roman Calc Suite Test Multi-Digit Roman Numeral Validation

 test_rn_numeral_validate_bool_digits_multi 
Testing    1 to 1000
Testing 1001 to 2000
Testing 2001 to 3000
Testing 3001 to 3999
 
Roman Calc Suite Test Multi-Digit Roman Numeral Validation
 
Roman Calc Suite Test Digit Sort According to magnitude
 
Roman Calc Suite Test Multi-digit numeral reduction
 
Roman Calc Suite Test Multi-Digit Roman Numeral Validation
 
Roman Calc Suite Test Multi-Digit Roman Numeral Validation
92%: Checks: 13, Failures: 1, Errors: 0
check_romancalc.c:303:P:TestPythonCallIO__In_String__Out_String 
:test_pycall__in_str__out_str:0: Passed
check_romancalc.c:331:P:TestPythonCallIO__In_String__Out_Int 
:test_pycall__in_str__out_int:0: Passed
check_romancalc.c:346:P:TestPythonCallIO__In_String__Out_Bool 
:test_pycall__in_str__out_bool:0: Passed
check_romancalc.c:395:P:Test Roman Numeral Validation 
:test_rn_numeral_validate_bool_digits_single_upper_case:0: Passed
check_romancalc.c:410:P:Test Roman Numeral Validation 
:test_rn_numeral_validate_bool_digits_single_lower_case:0: Passed
check_romancalc.c:439:P:Test Roman Numeral Validation 
:test_rn_numeral_validate_bool_digits_single_error:0: Passed
check_romancalc.c:501:P:Test Multi-Digit Roman Numeral Validation 
:test_rn_numeral_validate_bool_digits_multi:0: Passed
check_romancalc.c:520:P:Test Multi-Digit Roman Numeral Validation 
:test_rn_numeral_validate_bool_digits_multi_error:0: Passed
check_romancalc.c:561:P:Test unroll 
:test_rn_numeral_digit_unmix:0: Passed
check_romancalc.c:602:P:Test Digit Sort 
:test_rn_numeral_digit_sort:0: Passed
check_romancalc.c:657:P:Test digit numeral reduction 
:test_rn_numeral_digit_reduction:0: Passed
check_romancalc.c:696:P:Test remix of digits 
:test_rn_numeral_digit_remix:0: Passed
check_romancalc.c:741:F:Test unroll 
:test_rn_compare_digit_single:0: Assertion 'pycall__in_str__out_int(lcl_NameMod, lcl_NameFnc, 1, "I", "V")==-1' failed: pycall__in_str__out_int(lcl_NameMod, lcl_NameFnc, 1, "I", "V")==0, -1==-1

